// Jest Snapshot v1, https://goo.gl/fbAQLP

exports[`App should render 1`] = `
<View
  style={
    Object {
      "alignItems": "center",
      "backgroundColor": "#272543",
      "flex": 1,
      "justifyContent": "center",
    }
  }
>
  <View>
    <Text
      accessible={true}
      allowFontScaling={true}
      ellipsizeMode="tail"
      style={
        Object {
          "color": "#5FD6D8",
          "fontSize": 80,
          "marginBottom": 60,
        }
      }
      testID="counter"
    >
      0
    </Text>
  </View>
  <View
    style={
      Object {
        "flexDirection": "row",
      }
    }
  >
    <View
      accessibilityComponentType={undefined}
      accessibilityLabel={undefined}
      accessibilityTraits={undefined}
      accessible={true}
      hitSlop={undefined}
      isTVSelectable={true}
      onLayout={undefined}
      onResponderGrant={[Function]}
      onResponderMove={[Function]}
      onResponderRelease={[Function]}
      onResponderTerminate={[Function]}
      onResponderTerminationRequest={[Function]}
      onStartShouldSetResponder={[Function]}
      style={
        Object {
          "backgroundColor": "#3C56F2",
          "borderRadius": 10,
          "marginLeft": 10,
          "marginRight": 10,
          "opacity": 1,
          "padding": 20,
        }
      }
      testID="increment"
      tvParallaxProperties={undefined}
    >
      <Text
        accessible={true}
        allowFontScaling={true}
        ellipsizeMode="tail"
        style={
          Object {
            "color": "#fff",
            "fontSize": 20,
          }
        }
      >
        Increment
      </Text>
    </View>
    <View
      accessibilityComponentType={undefined}
      accessibilityLabel={undefined}
      accessibilityTraits={undefined}
      accessible={true}
      hitSlop={undefined}
      isTVSelectable={true}
      onLayout={undefined}
      onResponderGrant={[Function]}
      onResponderMove={[Function]}
      onResponderRelease={[Function]}
      onResponderTerminate={[Function]}
      onResponderTerminationRequest={[Function]}
      onStartShouldSetResponder={[Function]}
      style={
        Object {
          "backgroundColor": "#3C56F2",
          "borderRadius": 10,
          "marginLeft": 10,
          "marginRight": 10,
          "opacity": 1,
          "padding": 20,
        }
      }
      testID="decrement"
      tvParallaxProperties={undefined}
    >
      <Text
        accessible={true}
        allowFontScaling={true}
        ellipsizeMode="tail"
        style={
          Object {
            "color": "#fff",
            "fontSize": 20,
          }
        }
      >
        Decrement
      </Text>
    </View>
  </View>
</View>
`;
