// Jest Snapshot v1, https://goo.gl/fbAQLP

exports[`06-user-events should reset the counter when button is clicked 1`] = `
<div
  className="container"
  onKeyPress={[Function]}
  tabIndex={0}
>
  <div>
    5
  </div>
  <button
    onClick={[Function]}
  >
    Reset
  </button>
</div>
`;

exports[`06-user-events should reset the counter when button is clicked 2`] = `
<div
  className="container"
  onKeyPress={[Function]}
  tabIndex={0}
>
  <div>
    0
  </div>
  <button
    onClick={[Function]}
  >
    Reset
  </button>
</div>
`;

exports[`06-user-events should reset the when the user press r 1`] = `
<div
  className="container"
  onKeyPress={[Function]}
  tabIndex={0}
>
  <div>
    5
  </div>
  <button
    onClick={[Function]}
  >
    Reset
  </button>
</div>
`;

exports[`06-user-events should reset the when the user press r 2`] = `
<div
  className="container"
  onKeyPress={[Function]}
  tabIndex={0}
>
  <div>
    0
  </div>
  <button
    onClick={[Function]}
  >
    Reset
  </button>
</div>
`;
